[00:38:35] 원고 핑퐁 완료: 새 원고 알림 0건, 피드백 반영 0건
[01:36:06] 원고 핑퐁 완료: 새 원고 알림 0건, 피드백 반영 0건
[02:27:53] 원고 핑퐁 완료: 새 원고 알림 0건, 피드백 반영 0건
[03:25:09] 원고 핑퐁 완료: 새 원고 알림 0건, 피드백 반영 0건
[04:33:01] 원고 핑퐁 완료: 새 원고 알림 0건, 피드백 반영 0건
[05:08:04] 원고 핑퐁 완료: 새 원고 알림 0건, 피드백 반영 0건
[05:51:27] socrates: 질문 3개 생성 ← K_ai - 풀링 콘텐츠 (2)
[05:53:22] 원고 핑퐁 완료: 새 원고 알림 0건, 피드백 반영 0건
[06:48:46] 원고 핑퐁 완료: 새 원고 알림 0건, 피드백 반영 0건
[07:19:15] 원고 핑퐁 완료: 새 원고 알림 0건, 피드백 반영 0건
[07:57:06] 원고 핑퐁 완료: 새 원고 알림 0건, 피드백 반영 0건
[08:51:05] 원고 알림: 스레드_매일그림일기숙제앞에서뭘써야할지몰라멍하니앉아있는아이,어떻게도와줄까.md
[08:51:05] 원고 핑퐁 완료: 새 원고 알림 1건, 피드백 반영 0건
[09:33:09] 원고 핑퐁 완료: 새 원고 알림 0건, 피드백 반영 0건
[11:29:26] 원고 핑퐁 완료: 새 원고 알림 0건, 피드백 반영 0건
[12:52:01] 원고 핑퐁 완료: 새 원고 알림 0건, 피드백 반영 0건
[13:42:25] 원고 핑퐁 완료: 새 원고 알림 0건, 피드백 반영 0건
[14:29:16] 원고 핑퐁 완료: 새 원고 알림 0건, 피드백 반영 0건
[15:09:25] 원고 핑퐁 완료: 새 원고 알림 0건, 피드백 반영 0건
[16:17:42] 원고 핑퐁 완료: 새 원고 알림 0건, 피드백 반영 0건
[17:01:35] 원고 핑퐁 완료: 새 원고 알림 0건, 피드백 반영 0건
[17:52:16] 원고 핑퐁 완료: 새 원고 알림 0건, 피드백 반영 0건
[18:23:04] 원고 핑퐁 완료: 새 원고 알림 0건, 피드백 반영 0건
[18:58:32] 원고 핑퐁 완료: 새 원고 알림 0건, 피드백 반영 0건
[19:41:33] 원고 핑퐁 완료: 새 원고 알림 0건, 피드백 반영 0건
[20:12:29] 원고 핑퐁 완료: 새 원고 알림 0건, 피드백 반영 0건
[20:45:47] 원고 핑퐁 완료: 새 원고 알림 0건, 피드백 반영 0건
[21:14:46] 원고 핑퐁 완료: 새 원고 알림 0건, 피드백 반영 0건
[22:14:06] 원고 핑퐁 완료: 새 원고 알림 0건, 피드백 반영 0건
[22:54:30] 전사 대기 9건 (플라우드 앱에서 전사하면 자동 처리): 08-07 꿈바당 여름 캠프 도외 교사 안내: 제주 아동 프로그램 운영 계획 및 일정 확정, 08-05 멘토링 프로그램 피드백 및 가족과의 일상 대화, 08-04 회의: 수련원 시설 사전 답사 및 이용 안내, 08-04 회의: 공부방 존중 규칙 수립, 학생 갈등 중재, 청소년 담력훈련(야간 코스) 기획 및 안전 운영, 08-03 교육 현장 논의 및 아이들과의 놀이 활동 기록
[22:54:30] 녹음 0건 조회 — 신규 0건 처리 예정
[22:54:31] 텔레그램 알림 발송 완료
[22:54:31] 되먹임: 새 발행완료 글 없음
