[00:17:45] 텔레그램 비서: 미처리 메시지 없음
[00:17:45] 원고 핑퐁 완료: 새 원고 알림 0건, 피드백 반영 0건
[03:15:04] 전사 대기 9건 (플라우드 앱에서 전사하면 자동 처리): 2026-09-07 18:16:26, 09-07 4시, 소미 언어 지도, 학부모 포함 상담, 09-04 회의: 학습 프로그램 기획 및 다모임 운영 방안, 09-03 회의: 1박 2일 연수 기획 및 교육 정책 논의, 09-03 회의: 팀 리더십 연수 운영 방식, 참여 유인책, 정책 제안 및 결과물 제작 계획
[03:15:04] 녹음 0건 조회 — 신규 0건 처리 예정
[03:15:05] 텔레그램 알림 발송 완료
[03:15:06] 되먹임: 새 발행완료 글 없음
[04:12:44] 텔레그램 비서: 미처리 메시지 없음
[04:12:45] 원고 핑퐁 완료: 새 원고 알림 0건, 피드백 반영 0건
[07:03:33] 텔레그램 비서: 미처리 메시지 없음
[07:03:34] 원고 핑퐁 완료: 새 원고 알림 0건, 피드백 반영 0건
[07:45:16] socrates: 질문 3개 생성 ← K_ai - 전국 교대 네트워킹
[08:35:46] 릴스 추천 전송: ["원고_릴스_감정_아이가+화낼+때+'진정해'라고+말하면+안+되는+이유+-+감정+인정이+자ᄌ.md", '원고_릴스_놀이_아이가+지루하다고+할+때+장난감을+꺼내주면+안+되는+이유.md', "원고_릴스_수학_아이가+수학+문제를+틀렸을+때+'왜+틀렸어'가+아니라+'어떻게+생각했.md"]
[09:09:55] 텔레그램 비서: 미처리 메시지 없음
[09:09:55] 원고 핑퐁 완료: 새 원고 알림 0건, 피드백 반영 0건
[13:43:54] 텔레그램 비서: 미처리 메시지 없음
[13:43:55] 원고 핑퐁 완료: 새 원고 알림 0건, 피드백 반영 0건
[18:08:01] 텔레그램 비서: 미처리 메시지 없음
[18:08:02] 원고 핑퐁 완료: 새 원고 알림 0건, 피드백 반영 0건
[22:31:57] 텔레그램 비서: 미처리 메시지 없음
[22:31:57] 원고 핑퐁 완료: 새 원고 알림 0건, 피드백 반영 0건
