[02:14:26] 전사 대기 8건 (플라우드 앱에서 전사하면 자동 처리): 2026-09-07 18:16:26, 09-07 4시, 소미 언어 지도, 학부모 포함 상담, 09-04 회의: 학습 프로그램 기획 및 다모임 운영 방안, 09-03 회의: 1박 2일 연수 기획 및 교육 정책 논의, 09-03 회의: 팀 리더십 연수 운영 방식, 참여 유인책, 정책 제안 및 결과물 제작 계획
[02:14:26] 녹음 0건 조회 — 신규 0건 처리 예정
[02:14:26] 텔레그램 알림 발송 완료
[02:14:27] 되먹임: 새 발행완료 글 없음
[02:23:30] 텔레그램 비서: 미처리 메시지 없음
[02:23:30] 원고 핑퐁 완료: 새 원고 알림 0건, 피드백 반영 0건
[05:10:06] 텔레그램 비서: 미처리 메시지 없음
[05:10:06] 원고 핑퐁 완료: 새 원고 알림 0건, 피드백 반영 0건
[07:33:51] socrates: 질문 3개 생성 ← K_ai - 키 콘텐츠 설득구조
[07:43:10] 텔레그램 비서: 미처리 메시지 없음
[07:43:10] 원고 핑퐁 완료: 새 원고 알림 0건, 피드백 반영 0건
[08:27:39] 릴스 추천 전송: ['원고_릴스_양육마인드셋_개학컴백+부모의+에너지는+한정되어+있다.md', '원고_릴스_수학_수학을+못하는+아이가+아니라+수학이+두려운+아이다+-+교실에서+본+수하.md', '원고_릴스_감정_아이가+화를+참지+못하는+건+의지+부족이+아니라+감정+언어+부족이ᄃ.md']
[09:41:17] 텔레그램 비서: 미처리 메시지 없음
[09:41:17] 원고 핑퐁 완료: 새 원고 알림 0건, 피드백 반영 0건
[14:20:41] 텔레그램 비서: 미처리 메시지 없음
[14:20:41] 원고 핑퐁 완료: 새 원고 알림 0건, 피드백 반영 0건
[18:51:54] 텔레그램 비서: 미처리 메시지 없음
[18:51:55] 원고 핑퐁 완료: 새 원고 알림 0건, 피드백 반영 0건
[22:57:53] 텔레그램 비서: 미처리 메시지 없음
[22:57:54] 원고 핑퐁 완료: 새 원고 알림 0건, 피드백 반영 0건
