[00:08:42] 원고 핑퐁 완료: 새 원고 알림 0건, 피드백 반영 0건
[00:40:04] 원고 핑퐁 완료: 새 원고 알림 0건, 피드백 반영 0건
[01:00:39] 원고 핑퐁 완료: 새 원고 알림 0건, 피드백 반영 0건
[01:34:59] 원고 핑퐁 완료: 새 원고 알림 0건, 피드백 반영 0건
[01:54:41] 원고 핑퐁 완료: 새 원고 알림 0건, 피드백 반영 0건
[02:27:34] 원고 핑퐁 완료: 새 원고 알림 0건, 피드백 반영 0건
[02:49:08] 원고 핑퐁 완료: 새 원고 알림 0건, 피드백 반영 0건
[03:00:02] 원고 핑퐁 완료: 새 원고 알림 0건, 피드백 반영 0건
[03:40:06] 원고 핑퐁 완료: 새 원고 알림 0건, 피드백 반영 0건
[04:06:57] 원고 핑퐁 완료: 새 원고 알림 0건, 피드백 반영 0건
[04:29:49] 원고 핑퐁 완료: 새 원고 알림 0건, 피드백 반영 0건
[04:48:15] 원고 핑퐁 완료: 새 원고 알림 0건, 피드백 반영 0건
[04:59:00] 원고 핑퐁 완료: 새 원고 알림 0건, 피드백 반영 0건
[05:31:58] 원고 핑퐁 완료: 새 원고 알림 0건, 피드백 반영 0건
[05:51:40] 원고 핑퐁 완료: 새 원고 알림 0건, 피드백 반영 0건
[06:03:29] 원고 핑퐁 완료: 새 원고 알림 0건, 피드백 반영 0건
[06:29:12] 원고 핑퐁 완료: 새 원고 알림 0건, 피드백 반영 0건
[06:48:54] 원고 핑퐁 완료: 새 원고 알림 0건, 피드백 반영 0건
[06:59:56] 원고 핑퐁 완료: 새 원고 알림 0건, 피드백 반영 0건
[07:30:09] 원고 핑퐁 완료: 새 원고 알림 0건, 피드백 반영 0건
[07:50:54] 원고 핑퐁 완료: 새 원고 알림 0건, 피드백 반영 0건
[08:01:50] 원고 핑퐁 완료: 새 원고 알림 0건, 피드백 반영 0건
[08:28:32] 원고 핑퐁 완료: 새 원고 알림 0건, 피드백 반영 0건
[08:48:51] 원고 핑퐁 완료: 새 원고 알림 0건, 피드백 반영 0건
[08:59:28] 원고 핑퐁 완료: 새 원고 알림 0건, 피드백 반영 0건
[10:49:56] 원고 핑퐁 완료: 새 원고 알림 0건, 피드백 반영 0건
[11:51:33] 원고 핑퐁 완료: 새 원고 알림 0건, 피드백 반영 0건
[12:40:07] 원고 핑퐁 완료: 새 원고 알림 0건, 피드백 반영 0건
[13:30:11] 원고 핑퐁 완료: 새 원고 알림 0건, 피드백 반영 0건
[14:20:35] 원고 핑퐁 완료: 새 원고 알림 0건, 피드백 반영 0건
[15:02:18] 원고 핑퐁 완료: 새 원고 알림 0건, 피드백 반영 0건
[16:13:02] 원고 핑퐁 완료: 새 원고 알림 0건, 피드백 반영 0건
[17:05:51] 원고 핑퐁 완료: 새 원고 알림 0건, 피드백 반영 0건
[17:58:31] 원고 핑퐁 완료: 새 원고 알림 0건, 피드백 반영 0건
[18:55:57] 원고 핑퐁 완료: 새 원고 알림 0건, 피드백 반영 0건
[19:44:17] 원고 핑퐁 완료: 새 원고 알림 0건, 피드백 반영 0건
[20:13:00] 원고 핑퐁 완료: 새 원고 알림 0건, 피드백 반영 0건
[20:45:40] 원고 핑퐁 완료: 새 원고 알림 0건, 피드백 반영 0건
[21:15:26] 원고 핑퐁 완료: 새 원고 알림 0건, 피드백 반영 0건
[22:15:45] 원고 핑퐁 완료: 새 원고 알림 0건, 피드백 반영 0건
[22:59:29] 전사 대기 5건 (플라우드 앱에서 전사하면 자동 처리): 2026-08-22 14:50:02, 2026-08-22 14:38:50, 08-19 대화: 교육 정책·지역 연계, 가족 실험·DIY, 콘텐츠 수익·AI 영상 제작, 육아 조언, 08-18 일상 대화: 달리기, 옷 리폼, 사소한 다툼, 08-18 주간 회의: 주요 정책 현황 및 조직 운영
[22:59:29] 녹음 0건 조회 — 신규 0건 처리 예정
[22:59:29] 텔레그램 알림 발송 완료
[22:59:50] 되먹임 완료[학부모]: pipeline:vault/파이프라인/활성/원고_스레드_감정_칭찬해줘도+나는+못한다며_DG-2026-0023.md → 문체 규칙 0건, 원자 메모 4건
