[00:11:39] 원고 핑퐁 완료: 새 원고 알림 0건, 피드백 반영 0건
[00:48:41] 원고 핑퐁 완료: 새 원고 알림 0건, 피드백 반영 0건
[01:11:50] 원고 핑퐁 완료: 새 원고 알림 0건, 피드백 반영 0건
[01:54:17] 원고 핑퐁 완료: 새 원고 알림 0건, 피드백 반영 0건
[02:38:01] 원고 핑퐁 완료: 새 원고 알림 0건, 피드백 반영 0건
[03:00:53] 원고 핑퐁 완료: 새 원고 알림 0건, 피드백 반영 0건
[03:50:34] 원고 핑퐁 완료: 새 원고 알림 0건, 피드백 반영 0건
[04:17:48] 원고 핑퐁 완료: 새 원고 알림 0건, 피드백 반영 0건
[04:46:10] 원고 핑퐁 완료: 새 원고 알림 0건, 피드백 반영 0건
[05:05:25] 원고 핑퐁 완료: 새 원고 알림 0건, 피드백 반영 0건
[05:39:45] socrates: 질문 3개 생성 ← O - 디지털 자극과 집중력 저하의 교실 관찰
[05:40:35] 원고 핑퐁 완료: 새 원고 알림 0건, 피드백 반영 0건
[06:13:11] 원고 핑퐁 완료: 새 원고 알림 0건, 피드백 반영 0건
[06:48:00] 원고 핑퐁 완료: 새 원고 알림 0건, 피드백 반영 0건
[07:06:55] 원고 핑퐁 완료: 새 원고 알림 0건, 피드백 반영 0건
[07:40:58] 원고 핑퐁 완료: 새 원고 알림 0건, 피드백 반영 0건
[08:11:24] 원고 핑퐁 완료: 새 원고 알림 0건, 피드백 반영 0건
[08:59:23] 원고 알림: 스레드_엄마아빠가통화하거나일할때마다옆에서자꾸말거는아이,화내지않고기다리게하는법.md
[08:59:23] 원고 핑퐁 완료: 새 원고 알림 1건, 피드백 반영 0건
[09:34:17] 원고 핑퐁 완료: 새 원고 알림 0건, 피드백 반영 0건
[11:36:32] 원고 핑퐁 완료: 새 원고 알림 0건, 피드백 반영 0건
[13:02:11] 원고 핑퐁 완료: 새 원고 알림 0건, 피드백 반영 0건
[14:12:31] 원고 핑퐁 완료: 새 원고 알림 0건, 피드백 반영 0건
[15:00:12] 원고 핑퐁 완료: 새 원고 알림 0건, 피드백 반영 0건
[16:07:39] 원고 핑퐁 완료: 새 원고 알림 0건, 피드백 반영 0건
[16:57:25] 원고 핑퐁 완료: 새 원고 알림 0건, 피드백 반영 0건
[17:54:06] 원고 핑퐁 완료: 새 원고 알림 0건, 피드백 반영 0건
[18:49:28] 원고 핑퐁 완료: 새 원고 알림 0건, 피드백 반영 0건
[19:16:49] 원고 핑퐁 완료: 새 원고 알림 0건, 피드백 반영 0건
[19:54:25] 원고 핑퐁 완료: 새 원고 알림 0건, 피드백 반영 0건
[20:37:07] 원고 핑퐁 완료: 새 원고 알림 0건, 피드백 반영 0건
[20:58:31] 원고 핑퐁 완료: 새 원고 알림 0건, 피드백 반영 0건
[22:07:30] 원고 핑퐁 완료: 새 원고 알림 0건, 피드백 반영 0건
[22:55:12] 원고 핑퐁 완료: 새 원고 알림 0건, 피드백 반영 0건
[22:56:18] 전사 대기 9건 (플라우드 앱에서 전사하면 자동 처리): 08-07 꿈바당 여름 캠프 도외 교사 안내: 제주 아동 프로그램 운영 계획 및 일정 확정, 08-05 멘토링 프로그램 피드백 및 가족과의 일상 대화, 08-04 회의: 수련원 시설 사전 답사 및 이용 안내, 08-04 회의: 공부방 존중 규칙 수립, 학생 갈등 중재, 청소년 담력훈련(야간 코스) 기획 및 안전 운영, 08-03 교육 현장 논의 및 아이들과의 놀이 활동 기록
[22:56:18] 녹음 0건 조회 — 신규 0건 처리 예정
[22:56:19] 텔레그램 알림 발송 완료
[22:56:19] 되먹임: 새 발행완료 글 없음
