[00:17:36] 원고 핑퐁 완료: 새 원고 알림 0건, 피드백 반영 0건
[00:50:33] 원고 핑퐁 완료: 새 원고 알림 0건, 피드백 반영 0건
[01:15:51] 원고 핑퐁 완료: 새 원고 알림 0건, 피드백 반영 0건
[01:53:02] 원고 핑퐁 완료: 새 원고 알림 0건, 피드백 반영 0건
[02:15:26] 원고 핑퐁 완료: 새 원고 알림 0건, 피드백 반영 0건
[02:47:39] 원고 핑퐁 완료: 새 원고 알림 0건, 피드백 반영 0건
[03:13:56] 원고 핑퐁 완료: 새 원고 알림 0건, 피드백 반영 0건
[04:02:31] 원고 핑퐁 완료: 새 원고 알림 0건, 피드백 반영 0건
[04:37:07] 원고 핑퐁 완료: 새 원고 알림 0건, 피드백 반영 0건
[04:58:51] 원고 핑퐁 완료: 새 원고 알림 0건, 피드백 반영 0건
[05:37:29] 원고 핑퐁 완료: 새 원고 알림 0건, 피드백 반영 0건
[06:00:08] 원고 핑퐁 완료: 새 원고 알림 0건, 피드백 반영 0건
[06:35:21] 원고 핑퐁 완료: 새 원고 알림 0건, 피드백 반영 0건
[06:56:34] 원고 핑퐁 완료: 새 원고 알림 0건, 피드백 반영 0건
[07:35:56] 원고 핑퐁 완료: 새 원고 알림 0건, 피드백 반영 0건
[07:58:28] 원고 핑퐁 완료: 새 원고 알림 0건, 피드백 반영 0건
[08:41:15] 원고 알림: 스레드_쉬는시간에혼자논다는아이,사회성걱정되지만다그치지않고다가가는법.md
[08:41:15] 원고 핑퐁 완료: 새 원고 알림 1건, 피드백 반영 0건
[08:52:24] 원고 핑퐁 완료: 새 원고 알림 0건, 피드백 반영 0건
[09:25:53] 원고 핑퐁 완료: 새 원고 알림 0건, 피드백 반영 0건
[11:09:26] 원고 핑퐁 완료: 새 원고 알림 0건, 피드백 반영 0건
[12:17:58] 원고 핑퐁 완료: 새 원고 알림 0건, 피드백 반영 0건
[13:03:52] 원고 핑퐁 완료: 새 원고 알림 0건, 피드백 반영 0건
[13:48:19] 원고 핑퐁 완료: 새 원고 알림 0건, 피드백 반영 0건
[14:17:09] 원고 핑퐁 완료: 새 원고 알림 0건, 피드백 반영 0건
[14:51:27] 원고 핑퐁 완료: 새 원고 알림 0건, 피드백 반영 0건
[15:18:59] 원고 핑퐁 완료: 새 원고 알림 0건, 피드백 반영 0건
[16:10:19] 원고 핑퐁 완료: 새 원고 알림 0건, 피드백 반영 0건
[17:08:49] 원고 알림: 스레드_아이가잠들기전에갑자기말이많아지고쌩쌩해진다면,마음의문이열리는시간을지키면서재우는법.md
[17:08:49] 원고 핑퐁 완료: 새 원고 알림 1건, 피드백 반영 0건
[17:50:39] 원고 핑퐁 완료: 새 원고 알림 0건, 피드백 반영 0건
[18:22:08] 원고 핑퐁 완료: 새 원고 알림 0건, 피드백 반영 0건
[18:54:26] 원고 핑퐁 완료: 새 원고 알림 0건, 피드백 반영 0건
[19:37:45] 원고 핑퐁 완료: 새 원고 알림 0건, 피드백 반영 0건
[20:00:39] 원고 핑퐁 완료: 새 원고 알림 0건, 피드백 반영 0건
[20:33:00] 원고 핑퐁 완료: 새 원고 알림 0건, 피드백 반영 0건
[20:54:42] 원고 핑퐁 완료: 새 원고 알림 0건, 피드백 반영 0건
[22:02:47] 원고 핑퐁 완료: 새 원고 알림 0건, 피드백 반영 0건
[22:50:56] 원고 핑퐁 완료: 새 원고 알림 0건, 피드백 반영 0건
[22:55:47] 전사 대기 3건 (플라우드 앱에서 전사하면 자동 처리): 08-19 대화: 교육 정책·지역 연계, 가족 실험·DIY, 콘텐츠 수익·AI 영상 제작, 육아 조언, 08-18 일상 대화: 달리기, 옷 리폼, 사소한 다툼, 08-18 주간 회의: 주요 정책 현황 및 조직 운영
[22:55:47] 녹음 0건 조회 — 신규 0건 처리 예정
[22:55:47] 텔레그램 알림 발송 완료
[22:56:07] 되먹임 완료[학부모]: pipeline:vault/파이프라인/활성/원고_스레드_미디어_저녁마다+유튜브+그만_DG-2026-0008.md → 문체 규칙 0건, 원자 메모 5건
[23:20:10] 원고 핑퐁 완료: 새 원고 알림 0건, 피드백 반영 0건
