[00:14:26] 원고 핑퐁 완료: 새 원고 알림 0건, 피드백 반영 0건
[00:49:08] 원고 핑퐁 완료: 새 원고 알림 0건, 피드백 반영 0건
[01:14:07] 원고 핑퐁 완료: 새 원고 알림 0건, 피드백 반영 0건
[01:57:04] 원고 핑퐁 완료: 새 원고 알림 0건, 피드백 반영 0건
[02:38:43] 원고 핑퐁 완료: 새 원고 알림 0건, 피드백 반영 0건
[03:15:50] 원고 핑퐁 완료: 새 원고 알림 0건, 피드백 반영 0건
[04:03:48] 원고 핑퐁 완료: 새 원고 알림 0건, 피드백 반영 0건
[04:40:24] 원고 핑퐁 완료: 새 원고 알림 0건, 피드백 반영 0건
[05:11:56] 원고 핑퐁 완료: 새 원고 알림 0건, 피드백 반영 0건
[05:43:40] socrates: 질문 3개 생성 ← K_ai - 콘텐츠의 6가지 힘
[05:53:41] 원고 핑퐁 완료: 새 원고 알림 0건, 피드백 반영 0건
[06:40:12] 원고 핑퐁 완료: 새 원고 알림 0건, 피드백 반영 0건
[07:11:54] 원고 핑퐁 완료: 새 원고 알림 0건, 피드백 반영 0건
[07:52:23] 원고 핑퐁 완료: 새 원고 알림 0건, 피드백 반영 0건
[08:14:42] 원고 핑퐁 완료: 새 원고 알림 0건, 피드백 반영 0건
[09:02:10] 원고 알림: 스레드_방학두달내내붙어있다가개학하면떨어지기싫어우는아이,등교첫날어떻게다독일까.md
[09:02:10] 원고 핑퐁 완료: 새 원고 알림 1건, 피드백 반영 0건
[09:36:56] 원고 핑퐁 완료: 새 원고 알림 0건, 피드백 반영 0건
[11:54:22] 원고 핑퐁 완료: 새 원고 알림 0건, 피드백 반영 0건
[13:46:14] 원고 핑퐁 완료: 새 원고 알림 0건, 피드백 반영 0건
[15:02:27] 원고 핑퐁 완료: 새 원고 알림 0건, 피드백 반영 0건
[16:56:34] 원고 핑퐁 완료: 새 원고 알림 0건, 피드백 반영 0건
[18:41:27] 원고 핑퐁 완료: 새 원고 알림 0건, 피드백 반영 0건
[19:49:02] 원고 핑퐁 완료: 새 원고 알림 0건, 피드백 반영 0건
[20:34:40] 원고 핑퐁 완료: 새 원고 알림 0건, 피드백 반영 0건
[21:25:04] 원고 핑퐁 완료: 새 원고 알림 0건, 피드백 반영 0건
[22:58:35] 원고 핑퐁 완료: 새 원고 알림 0건, 피드백 반영 0건
[23:24:16] 전사 대기 9건 (플라우드 앱에서 전사하면 자동 처리): 08-10 회의: 민주적 학교 문화 개선 및 전학공 실행 모델 설계, 2026-08-10 21:14:03, 08-07 꿈바당 여름 캠프 도외 교사 안내: 제주 아동 프로그램 운영 계획 및 일정 확정, 08-05 멘토링 프로그램 피드백 및 가족과의 일상 대화, 08-04 회의: 수련원 시설 사전 답사 및 이용 안내
[23:24:16] 녹음 0건 조회 — 신규 0건 처리 예정
[23:24:17] 텔레그램 알림 발송 완료
[23:24:17] 되먹임: 새 발행완료 글 없음
