[00:38:55] 원고 핑퐁 완료: 새 원고 알림 0건, 피드백 반영 0건
[01:03:58] 원고 핑퐁 완료: 새 원고 알림 0건, 피드백 반영 0건
[01:40:41] 원고 핑퐁 완료: 새 원고 알림 0건, 피드백 반영 0건
[02:11:08] 원고 핑퐁 완료: 새 원고 알림 0건, 피드백 반영 0건
[02:46:14] 원고 핑퐁 완료: 새 원고 알림 0건, 피드백 반영 0건
[03:04:19] 원고 핑퐁 완료: 새 원고 알림 0건, 피드백 반영 0건
[03:50:19] 원고 핑퐁 완료: 새 원고 알림 0건, 피드백 반영 0건
[04:17:10] 원고 핑퐁 완료: 새 원고 알림 0건, 피드백 반영 0건
[04:42:24] 원고 핑퐁 완료: 새 원고 알림 0건, 피드백 반영 0건
[05:00:04] 원고 핑퐁 완료: 새 원고 알림 0건, 피드백 반영 0건
[05:32:29] 원고 핑퐁 완료: 새 원고 알림 0건, 피드백 반영 0건
[05:52:17] 원고 핑퐁 완료: 새 원고 알림 0건, 피드백 반영 0건
[06:09:26] 원고 핑퐁 완료: 새 원고 알림 0건, 피드백 반영 0건
[06:41:10] 원고 핑퐁 완료: 새 원고 알림 0건, 피드백 반영 0건
[07:00:00] 원고 핑퐁 완료: 새 원고 알림 0건, 피드백 반영 0건
[07:32:03] 원고 핑퐁 완료: 새 원고 알림 0건, 피드백 반영 0건
[07:53:20] 원고 핑퐁 완료: 새 원고 알림 0건, 피드백 반영 0건
[08:08:49] 원고 핑퐁 완료: 새 원고 알림 0건, 피드백 반영 0건
[08:49:40] 원고 알림: 스레드_반장선거에나가고싶다면서도떨어질까봐며칠째망설이는아이,도전을밀어줘야할까말려야할까.md
[08:49:40] 원고 핑퐁 완료: 새 원고 알림 1건, 피드백 반영 0건
[09:00:22] 원고 핑퐁 완료: 새 원고 알림 0건, 피드백 반영 0건
[10:52:48] 원고 알림: 스레드_달라고하기도전에스티커·키캡을친구들에게다나눠주는아이,물건말고마음으로관계맺게도와주는법.md
[10:52:48] 원고 핑퐁 완료: 새 원고 알림 1건, 피드백 반영 0건
[11:44:27] 원고 핑퐁 완료: 새 원고 알림 0건, 피드백 반영 0건
[12:31:45] 원고 핑퐁 완료: 새 원고 알림 0건, 피드백 반영 0건
[13:10:10] 원고 핑퐁 완료: 새 원고 알림 0건, 피드백 반영 0건
[13:54:08] 원고 핑퐁 완료: 새 원고 알림 0건, 피드백 반영 0건
[14:37:24] 원고 알림: 썸네일_초등고전독서.md
[14:37:24] 원고 핑퐁 완료: 새 원고 알림 1건, 피드백 반영 0건
[14:59:25] 원고 알림: 썸네일_(증거2)머리빠진할아버지선생님이나와서인터뷰한내용이면뭔가신뢰롭다.-2.md
[14:59:25] 원고 알림: 썸네일_(증거2)머리빠진할아버지선생님이나와서인터뷰한내용이면뭔가신뢰롭다..md
[14:59:26] 원고 알림: 썸네일_(증거2)나이많은여선생님이나와서이야기하는모습.md
[14:59:26] 원고 핑퐁 완료: 새 원고 알림 3건, 피드백 반영 0건
[15:56:51] 원고 알림: 썸네일_초등독서.md
[15:56:52] 원고 알림: 썸네일_초등고전독서-2.md
[15:56:52] 원고 핑퐁 완료: 새 원고 알림 2건, 피드백 반영 0건
[16:46:28] 원고 핑퐁 완료: 새 원고 알림 0건, 피드백 반영 0건
[17:16:59] 원고 핑퐁 완료: 새 원고 알림 0건, 피드백 반영 0건
