[00:28:31] 전사 대기 22건 (플라우드 앱에서 전사하면 자동 처리): 2026-07-30 20:52:29, 2026-07-30 14:02:47, 2026-07-29 20:35:23, 2026-07-29 20:35:14, 2026-07-29 17:27:55
[00:28:31] 녹음 0건 조회 — 신규 0건 처리 예정
[00:28:32] 텔레그램 알림 발송 완료
[00:28:32] 되먹임: 새 발행완료 글 없음
[01:26:07] 원고 핑퐁 완료: 새 원고 알림 0건, 피드백 반영 0건
[03:05:43] 원고 핑퐁 완료: 새 원고 알림 0건, 피드백 반영 0건
[04:46:34] 원고 핑퐁 완료: 새 원고 알림 0건, 피드백 반영 0건
[05:47:14] 원고 핑퐁 완료: 새 원고 알림 0건, 피드백 반영 0건
[06:15:24] socrates: 질문 3개 생성 ← K_ai - 형식적 교육봉사의 한계
[06:48:43] 원고 핑퐁 완료: 새 원고 알림 0건, 피드백 반영 0건
[07:44:07] 원고 핑퐁 완료: 새 원고 알림 0건, 피드백 반영 0건
[08:45:41] 원고 핑퐁 완료: 새 원고 알림 0건, 피드백 반영 0건
[10:28:20] 원고 알림: 스레드_학교에서는순하다는데집에만오면짜증부터내는아이,왜그런지이해하고다가가는법.md
[10:28:20] 원고 핑퐁 완료: 새 원고 알림 1건, 피드백 반영 0건
[13:39:02] 원고 핑퐁 완료: 새 원고 알림 0건, 피드백 반영 0건
[16:16:50] 원고 핑퐁 완료: 새 원고 알림 0건, 피드백 반영 0건
[18:23:30] 원고 핑퐁 완료: 새 원고 알림 0건, 피드백 반영 0건
[20:00:34] 원고 핑퐁 완료: 새 원고 알림 0건, 피드백 반영 0건
[21:07:04] 원고 핑퐁 완료: 새 원고 알림 0건, 피드백 반영 0건
[22:47:34] 원고 핑퐁 완료: 새 원고 알림 0건, 피드백 반영 0건
