[00:14:14] 원고 핑퐁 완료: 새 원고 알림 0건, 피드백 반영 0건
[00:48:13] 원고 핑퐁 완료: 새 원고 알림 0건, 피드백 반영 0건
[01:11:14] 원고 핑퐁 완료: 새 원고 알림 0건, 피드백 반영 0건
[01:48:59] 원고 핑퐁 완료: 새 원고 알림 0건, 피드백 반영 0건
[02:10:29] 원고 핑퐁 완료: 새 원고 알림 0건, 피드백 반영 0건
[02:43:22] 원고 핑퐁 완료: 새 원고 알림 0건, 피드백 반영 0건
[03:01:21] 원고 핑퐁 완료: 새 원고 알림 0건, 피드백 반영 0건
[03:46:05] 원고 핑퐁 완료: 새 원고 알림 0건, 피드백 반영 0건
[04:11:33] 원고 핑퐁 완료: 새 원고 알림 0건, 피드백 반영 0건
[04:42:00] 원고 핑퐁 완료: 새 원고 알림 0건, 피드백 반영 0건
[05:01:35] 원고 핑퐁 완료: 새 원고 알림 0건, 피드백 반영 0건
[05:36:41] 원고 핑퐁 완료: 새 원고 알림 0건, 피드백 반영 0건
[05:57:37] 원고 핑퐁 완료: 새 원고 알림 0건, 피드백 반영 0건
[06:32:55] 원고 핑퐁 완료: 새 원고 알림 0건, 피드백 반영 0건
[06:53:02] 원고 핑퐁 완료: 새 원고 알림 0건, 피드백 반영 0건
[07:10:03] 원고 핑퐁 완료: 새 원고 알림 0건, 피드백 반영 0건
[07:44:22] 원고 핑퐁 완료: 새 원고 알림 0건, 피드백 반영 0건
[08:02:54] 원고 핑퐁 완료: 새 원고 알림 0건, 피드백 반영 0건
[08:40:22] 원고 알림: 스레드_쟤네엄마는이런것도해준대,자꾸다른집이랑비교하는아이서운한마음어떻게다뤄야할까.md
[08:40:22] 원고 알림: 원고_YT롱폼_초등고전독서를만화책처럼읽는방법_초등고전독서.md
[08:40:22] 원고 핑퐁 완료: 새 원고 알림 2건, 피드백 반영 0건
[08:49:56] 원고 핑퐁 완료: 새 원고 알림 0건, 피드백 반영 0건
[09:01:37] 원고 핑퐁 완료: 새 원고 알림 0건, 피드백 반영 0건
[10:43:49] 원고 핑퐁 완료: 새 원고 알림 0건, 피드백 반영 0건
[11:43:21] 원고 핑퐁 완료: 새 원고 알림 0건, 피드백 반영 0건
[12:31:19] 원고 알림: 원고_YT롱폼_학원없이돈안쓰고갑자기성적오르는학생들의공통된특징_2025.3.11초등저학년.md
[12:31:20] 원고 알림: 원고_YT롱폼_다시초등저학년으로돌아간다면무조건이렇게할겁니다.ㅣ초등저학_2025.3.12초등저학년.md
[12:31:20] 원고 핑퐁 완료: 새 원고 알림 2건, 피드백 반영 0건
[13:10:13] 원고 핑퐁 완료: 새 원고 알림 0건, 피드백 반영 0건
[13:55:50] 원고 핑퐁 완료: 새 원고 알림 0건, 피드백 반영 0건
[14:38:34] 원고 알림: 원고_YT롱폼_초등고전독후감쓰는법.md
[14:38:34] 원고 알림: 원고_YT롱폼_초등고전독서를만화책처럼읽는방법_초등고전독서-2.md
[14:38:34] 원고 핑퐁 완료: 새 원고 알림 2건, 피드백 반영 0건
[15:00:02] 원고 핑퐁 완료: 새 원고 알림 0건, 피드백 반영 0건
