[00:06:36] 원고 핑퐁 완료: 새 원고 알림 0건, 피드백 반영 0건
[01:08:04] 원고 핑퐁 완료: 새 원고 알림 0건, 피드백 반영 0건
[02:08:43] 원고 핑퐁 완료: 새 원고 알림 0건, 피드백 반영 0건
[03:08:39] 원고 핑퐁 완료: 새 원고 알림 0건, 피드백 반영 0건
[04:27:59] 원고 핑퐁 완료: 새 원고 알림 0건, 피드백 반영 0건
[05:11:13] 원고 핑퐁 완료: 새 원고 알림 0건, 피드백 반영 0건
[05:56:21] socrates: 질문 3개 생성 ← K_ai - 질문 설계와 논의 균형
[06:06:11] 원고 핑퐁 완료: 새 원고 알림 0건, 피드백 반영 0건
[06:58:09] 원고 핑퐁 완료: 새 원고 알림 0건, 피드백 반영 0건
[07:52:50] 원고 핑퐁 완료: 새 원고 알림 0건, 피드백 반영 0건
[08:25:41] 원고 핑퐁 완료: 새 원고 알림 0건, 피드백 반영 0건
[09:19:57] 원고 알림: 스레드_다니던학원을그만다니고싶다는아이,억지로보내야할지고민될때.md
[09:19:57] 원고 핑퐁 완료: 새 원고 알림 1건, 피드백 반영 0건
[11:46:58] 원고 핑퐁 완료: 새 원고 알림 0건, 피드백 반영 0건
[13:28:15] 원고 핑퐁 완료: 새 원고 알림 0건, 피드백 반영 0건
[15:00:07] 원고 핑퐁 완료: 새 원고 알림 0건, 피드백 반영 0건
[16:43:36] 원고 핑퐁 완료: 새 원고 알림 0건, 피드백 반영 0건
[17:52:31] 원고 핑퐁 완료: 새 원고 알림 0건, 피드백 반영 0건
[18:49:50] 원고 핑퐁 완료: 새 원고 알림 0건, 피드백 반영 0건
[19:44:45] 원고 핑퐁 완료: 새 원고 알림 0건, 피드백 반영 0건
[20:33:11] 원고 핑퐁 완료: 새 원고 알림 0건, 피드백 반영 0건
[21:25:59] 원고 핑퐁 완료: 새 원고 알림 0건, 피드백 반영 0건
[22:59:47] 원고 핑퐁 완료: 새 원고 알림 0건, 피드백 반영 0건
[23:26:34] 전사 대기 4건 (플라우드 앱에서 전사하면 자동 처리): 08-10 회의: 민주적 학교 문화 개선 및 전학공 실행 모델 설계, 2026-08-10 21:14:03, 08-07 꿈바당 여름 캠프 도외 교사 안내: 제주 아동 프로그램 운영 계획 및 일정 확정, 08-05 멘토링 프로그램 피드백 및 가족과의 일상 대화
[23:26:34] 녹음 0건 조회 — 신규 0건 처리 예정
[23:26:35] 텔레그램 알림 발송 완료
[23:26:35] 되먹임: 새 발행완료 글 없음
