[00:07:34] 원고 핑퐁 완료: 새 원고 알림 0건, 피드백 반영 0건
[01:06:55] 원고 핑퐁 완료: 새 원고 알림 0건, 피드백 반영 0건
[02:03:40] 원고 핑퐁 완료: 새 원고 알림 0건, 피드백 반영 0건
[02:55:26] 원고 핑퐁 완료: 새 원고 알림 0건, 피드백 반영 0건
[04:07:24] 원고 핑퐁 완료: 새 원고 알림 0건, 피드백 반영 0건
[04:58:05] 원고 핑퐁 완료: 새 원고 알림 0건, 피드백 반영 0건
[05:53:48] 원고 핑퐁 완료: 새 원고 알림 0건, 피드백 반영 0건
[06:51:23] 원고 핑퐁 완료: 새 원고 알림 0건, 피드백 반영 0건
[07:21:27] 원고 핑퐁 완료: 새 원고 알림 0건, 피드백 반영 0건
[07:59:55] 원고 핑퐁 완료: 새 원고 알림 0건, 피드백 반영 0건
[08:53:49] 원고 알림: 스레드_알림장확인안하고준비물을자꾸빠뜨리는아이,잔소리없이스스로챙기게하는법.md
[08:53:49] 원고 핑퐁 완료: 새 원고 알림 1건, 피드백 반영 0건
[09:35:35] 원고 핑퐁 완료: 새 원고 알림 0건, 피드백 반영 0건
[11:36:34] 원고 핑퐁 완료: 새 원고 알림 0건, 피드백 반영 0건
[13:03:37] 원고 핑퐁 완료: 새 원고 알림 0건, 피드백 반영 0건
[14:15:57] 원고 핑퐁 완료: 새 원고 알림 0건, 피드백 반영 0건
[15:05:47] 원고 핑퐁 완료: 새 원고 알림 0건, 피드백 반영 0건
[16:21:54] 원고 핑퐁 완료: 새 원고 알림 0건, 피드백 반영 0건
[17:16:44] 원고 핑퐁 완료: 새 원고 알림 0건, 피드백 반영 0건
[18:15:28] 원고 핑퐁 완료: 새 원고 알림 0건, 피드백 반영 0건
[19:13:00] 원고 핑퐁 완료: 새 원고 알림 0건, 피드백 반영 0건
[20:06:49] 원고 핑퐁 완료: 새 원고 알림 0건, 피드백 반영 0건
[20:52:37] 원고 핑퐁 완료: 새 원고 알림 0건, 피드백 반영 0건
[21:31:28] 원고 핑퐁 완료: 새 원고 알림 0건, 피드백 반영 0건
[22:58:54] 원고 핑퐁 완료: 새 원고 알림 0건, 피드백 반영 0건
[23:25:15] 전사 대기 6건 (플라우드 앱에서 전사하면 자동 처리): 08-10 회의: 민주적 학교 문화 개선 및 전학공 실행 모델 설계, 2026-08-10 21:14:03, 08-07 꿈바당 여름 캠프 도외 교사 안내: 제주 아동 프로그램 운영 계획 및 일정 확정, 08-05 멘토링 프로그램 피드백 및 가족과의 일상 대화, 08-04 회의: 수련원 시설 사전 답사 및 이용 안내
[23:25:15] 녹음 0건 조회 — 신규 0건 처리 예정
[23:25:16] 텔레그램 알림 발송 완료
[23:25:16] 되먹임: 새 발행완료 글 없음
