[00:26:18] 전사 대기 10건 (플라우드 앱에서 전사하면 자동 처리): 2026-08-05 20:32:51, 2026-08-05 20:32:56, 2026-08-04 18:37:28, 08-03 교육 현장 논의 및 아이들과의 놀이 활동 기록, 08-03 교사 연수 및 조직 운영 계획 논의
[00:26:18] 녹음 1건 조회 — 신규 0건 처리 예정, 기처리 1건 생략
[00:26:19] 텔레그램 알림 발송 완료
[00:26:19] 되먹임: 새 발행완료 글 없음
[09:09:46] 원고 핑퐁 완료: 새 원고 알림 0건, 피드백 반영 0건
[09:55:17] socrates: 질문 3개 생성 ← K_ai - 퍼실리테이터 자원
[12:18:05] 원고 핑퐁 완료: 새 원고 알림 0건, 피드백 반영 0건
[14:13:34] 원고 알림: 스레드_처음으로거짓말한걸들킨아이,다그치지않고대화여는법.md
[14:13:34] 원고 핑퐁 완료: 새 원고 알림 1건, 피드백 반영 0건
[15:12:20] 원고 핑퐁 완료: 새 원고 알림 0건, 피드백 반영 0건
[16:44:09] 원고 핑퐁 완료: 새 원고 알림 0건, 피드백 반영 0건
[17:40:36] 원고 핑퐁 완료: 새 원고 알림 0건, 피드백 반영 0건
[18:43:24] 원고 핑퐁 완료: 새 원고 알림 0건, 피드백 반영 0건
[19:37:05] 원고 핑퐁 완료: 새 원고 알림 0건, 피드백 반영 0건
[20:26:29] 원고 핑퐁 완료: 새 원고 알림 0건, 피드백 반영 0건
[21:11:34] 원고 핑퐁 완료: 새 원고 알림 0건, 피드백 반영 0건
[22:41:08] 원고 핑퐁 완료: 새 원고 알림 0건, 피드백 반영 0건
[23:18:08] 전사 대기 11건 (플라우드 앱에서 전사하면 자동 처리): 08-07 꿈바당 여름 캠프 도외 교사 안내: 제주 아동 프로그램 운영 계획 및 일정 확정, 08-05 멘토링 프로그램 피드백 및 가족과의 일상 대화, 08-04 회의: 수련원 시설 사전 답사 및 이용 안내, 08-04 회의: 공부방 존중 규칙 수립, 학생 갈등 중재, 청소년 담력훈련(야간 코스) 기획 및 안전 운영, 08-03 교육 현장 논의 및 아이들과의 놀이 활동 기록
[23:18:08] 녹음 0건 조회 — 신규 0건 처리 예정
[23:18:09] 텔레그램 알림 발송 완료
[23:18:09] 되먹임: 새 발행완료 글 없음
