[00:44:07] 원고 핑퐁 완료: 새 원고 알림 0건, 피드백 반영 0건
[01:39:19] 원고 핑퐁 완료: 새 원고 알림 0건, 피드백 반영 0건
[02:45:02] 원고 핑퐁 완료: 새 원고 알림 0건, 피드백 반영 0건
[03:43:09] 원고 핑퐁 완료: 새 원고 알림 0건, 피드백 반영 0건
[04:58:37] 원고 핑퐁 완료: 새 원고 알림 0건, 피드백 반영 0건
[06:02:58] 원고 핑퐁 완료: 새 원고 알림 0건, 피드백 반영 0건
[07:02:38] 원고 핑퐁 완료: 새 원고 알림 0건, 피드백 반영 0건
[08:02:02] 원고 핑퐁 완료: 새 원고 알림 0건, 피드백 반영 0건
[09:03:48] 원고 핑퐁 완료: 새 원고 알림 0건, 피드백 반영 0건
[12:53:37] 원고 알림: 스레드_방학숙제를마지막날까지미루다발등에불떨어진아이,잔소리없이도와주는법.md
[12:53:37] 원고 핑퐁 완료: 새 원고 알림 1건, 피드백 반영 0건
[15:21:47] 원고 핑퐁 완료: 새 원고 알림 0건, 피드백 반영 0건
[17:39:40] 원고 핑퐁 완료: 새 원고 알림 0건, 피드백 반영 0건
[19:21:11] 원고 핑퐁 완료: 새 원고 알림 0건, 피드백 반영 0건
[20:37:32] 원고 핑퐁 완료: 새 원고 알림 0건, 피드백 반영 0건
[21:39:31] 원고 핑퐁 완료: 새 원고 알림 0건, 피드백 반영 0건
[23:16:09] 원고 핑퐁 완료: 새 원고 알림 0건, 피드백 반영 0건
[23:43:12] 전사 대기 16건 (플라우드 앱에서 전사하면 자동 처리): 2026-08-02 21:39:33, 2026-08-02 10:32:06, 2026-08-02 16:19:34, 2026-07-30 20:52:29, 2026-07-30 14:02:47
[23:43:12] 녹음 0건 조회 — 신규 0건 처리 예정
[23:43:13] 텔레그램 알림 발송 완료
[23:43:13] 되먹임: 새 발행완료 글 없음
